common.enable_cheats 0 0
common.leave_world 973995 968095
common.rejoin_world 975684 968095
rsg.obtain_obsidian 1686086 1393757
rsg.enter_stronghold 1808684 1516357
common.rejoin_world 3672135 2788757
rsg.obtain_iron_pickaxe 4213869 3060515
common.leave_world 5231374 3902065
common.rejoin_world 5367517 3902065
rsg.enter_nether 6500447 4641112
common.rejoin_world 8089270 5762176
common.rejoin_world 8276018 5855783
common.leave_world 13292023 9384685
common.rejoin_world 13406308 9384685
common.leave_world 14279020 9572459
common.rejoin_world 14320338 9572459
common.rejoin_world 29316434 9647711
common.multiplayer 29316435 9647711
common.leave_world 29452286 9739775
common.rejoin_world 29754605 9739775
common.leave_world 29806136 9765678
common.rejoin_world 29846345 9765678
common.leave_world 29949999 9844604
common.rejoin_world 30071267 9844604
common.leave_world 30081852 9848860
common.rejoin_world 30189024 9848860
common.leave_world 48087703 16296838
common.rejoin_world 195378114 16296838
common.leave_world 208676276 25771381
common.rejoin_world 208679182 25771381
common.leave_world 215320439 30024732
common.rejoin_world 215416301 30024732
common.leave_world 215571893 30159234
common.rejoin_world 228217802 30159234
common.leave_world 228647612 30421539
common.rejoin_world 228823440 30421539
rsg.first_portal 230275098 31803042
common.leave_world 236331869 36597109
common.rejoin_world 298727247 36597109
common.leave_world 303101651 37387340
common.rejoin_world 303229031 37387340
common.leave_world 308441319 38278928
common.rejoin_world 308445079 38278928
common.leave_world 308449777 38282350
common.rejoin_world 308561245 38282350
common.leave_world 312846804 40565689
common.rejoin_world 312850710 40565689
common.leave_world 312891553 40598522
common.rejoin_world 312895183 40598522
common.leave_world 314675654 41602859
common.rejoin_world 314753375 41602859
common.leave_world 316070598 42779362
common.rejoin_world 316072454 42779362
common.leave_world 386279659 112627827
common.rejoin_world 547852687 112627827
common.leave_world 548221600 112732691
common.rejoin_world 720762933 112732691
common.leave_world 720962208 112924062
common.rejoin_world 722973025 112924062
common.leave_world 723169867 113118016
common.rejoin_world 723228024 113118016
common.leave_world 723235906 113124932
common.rejoin_world 796328954 113124932
common.leave_world 796680682 113201184
common.rejoin_world 814938250 113201184
common.leave_world 815013201 113252935
common.rejoin_world 815016277 113252935
common.leave_world 815387112 113520238
common.rejoin_world 821897571 113520238
common.leave_world 832404027 116103488
common.rejoin_world 832407874 116103488
common.leave_world 832535041 116202146
common.rejoin_world 832714029 116202146
common.leave_world 833490115 116349131
common.rejoin_world 842538814 116349131
common.leave_world 895327946 168758763
common.rejoin_world 895338035 168758763
common.leave_world 895345976 168764886
